[r.shreejifoodsite.com/796405/assets/images/photo-1519162808019-7de1683fa-h_m298gq7r.jpg]
[backblue.gif]
[fade.gif]
[index.html]
[r.shreejifoodsite.com/796405/assets/web/assets/shreejifood-icons2/shreejifood243f1.css]
[r.shreejifoodsite.com/796405/assets/bootstrap/css/bootstrap.min43f1.css]
[r.shreejifoodsite.com/796405/assets/bootstrap/css/bootstrap-grid.min43f1.css]
[r.shreejifoodsite.com/796405/assets/bootstrap/css/bootstrap-reboot.min43f1.css]
[r.shreejifoodsite.com/796405/assets/parallax/jarallax43f1.css]
[r.shreejifoodsite.com/796405/assets/dropdown/css/style43f1.css]
[r.shreejifoodsite.com/796405/assets/socicon/css/styles43f1.css]
[r.shreejifoodsite.com/796405/assets/theme/css/style43f1.css]
[r.shreejifoodsite.com/796405/assets/css/mbr-additional43f1.css]
[r.shreejifoodsite.com/796405/assets/images/photo-1633594708103-e6e41891b-h_m298jm57.jpg]
[r.shreejifoodsite.com/796405/assets/images/photo-1469547371150-47620ed0c5ea.jpg]
[r.shreejifoodsite.com/796405/assets/images/photo-1523049673857-eb18f1d7b578.jpg]
[r.shreejifoodsite.com/796405/assets/images/photo-1506976785307-8732e854ad03.jpg]
[r.shreejifoodsite.com/796405/assets/images/photo-1470549813517-2fa741d25c92.jpg]
[r.shreejifoodsite.com/796405/assets/images/photo-1498654077810-12c21d4d6dc3.jpg]
[r.shreejifoodsite.com/796405/assets/images/photo-1476837579993-f1d3948f17c2.jpg]
[r.shreejifoodsite.com/796405/assets/images/photo-1448907503123-67254d59ca4f.jpg]
[r.shreejifoodsite.com/796405/assets/images/photo-1444952483853-7c36e902e722.jpg]
[r.shreejifoodsite.com/796405/assets/images/photo-1453487021979-5b739b2849f4.jpg]
[r.shreejifoodsite.com/796405/assets/images/photo-1487790343276-2fe56a7d9439.jpg]
[r.shreejifoodsite.com/796405/assets/images/photo-1447175008436-054170c2e979.jpg]
[r.shreejifoodsite.com/796405/assets/images/photo-1432139555190-58524dae6a55.jpg]
[r.shreejifoodsite.com/796405/assets/images/photo-1502741384106-56538427cde9.jpg]
[r.shreejifoodsite.com/796405/assets/images/photo-1567468219153-4b1dea5227ea.jpg]
[r.shreejifoodsite.com/796405/assets/images/photo-1694026307715-0d3709e69adf.jpg]
[r.shreejifoodsite.com/796405/assets/images/photo-1653953893860-b8f756596132.jpg]
[r.shreejifoodsite.com/796405/assets/images/photo-1520975916090-3105956dac38.jpg]
[r.shreejifoodsite.com/796405/assets/images/photo-1676385901160-31e1b9e1c0c7.jpg]
[r.shreejifoodsite.com/796405/assets/images/photo-1535026406642-530e01750ad7.jpg]
[r.shreejifoodsite.com/796405/assets/web/assets/jquery/jquery.min43f1.js]
[r.shreejifoodsite.com/796405/assets/bootstrap/js/bootstrap.bundle.min43f1.js]
[r.shreejifoodsite.com/796405/assets/parallax/jarallax43f1.js]
[r.shreejifoodsite.com/796405/assets/smoothscroll/smooth-scroll43f1.js]
[r.shreejifoodsite.com/796405/assets/ytplayer/index43f1.js]
[r.shreejifoodsite.com/796405/assets/dropdown/js/navbar-dropdown43f1.js]
[r.shreejifoodsite.com/796405/assets/scrollgallery/scroll-gallery43f1.js]
[r.shreejifoodsite.com/796405/assets/vimeoplayer/player43f1.js]
[r.shreejifoodsite.com/796405/assets/masonry/masonry.pkgd.min43f1.js]
[r.shreejifoodsite.com/796405/assets/imagesloaded/imagesloaded.pkgd.min43f1.js]
[r.shreejifoodsite.com/796405/assets/theme/js/script43f1.js]
[796405.shreejifoodsite.com/index.html]
[r.shreejifoodsite.com/796405/assets/formoid/formoid.min43f1.js]
[r.shreejifoodsite.com/796405/assets/web/assets/shreejifood-icons2/shreejifood21e04.eot]
[r.shreejifoodsite.com/796405/assets/web/assets/shreejifood-icons2/shreejifood21e04.ttf]
[r.shreejifoodsite.com/796405/assets/web/assets/shreejifood-icons2/shreejifood21e04.woff]
[r.shreejifoodsite.com/796405/assets/web/assets/shreejifood-icons2/shreejifood243f1.css]
[r.shreejifoodsite.com/796405/assets/bootstrap/css/bootstrap.min43f1.css]
[r.shreejifoodsite.com/796405/assets/bootstrap/css/bootstrap-grid.min43f1.css]
[r.shreejifoodsite.com/796405/assets/bootstrap/css/bootstrap-reboot.min43f1.css]
[r.shreejifoodsite.com/796405/assets/parallax/jarallax43f1.css]
[r.shreejifoodsite.com/796405/assets/dropdown/css/style43f1.css]
[r.shreejifoodsite.com/796405/assets/socicon/css/styles43f1.css]
[r.shreejifoodsite.com/796405/assets/theme/css/style43f1.css]
[r.shreejifoodsite.com/796405/assets/web/assets/shreejifood-icons2/shreejifood21e04.svg]
[r.shreejifoodsite.com/796405/assets/images/food_header.jpg]
[r.shreejifoodsite.com/796405/assets/../menu.jpg]
[r.shreejifoodsite.com/796405/assets/images/background10aff.jpg]
[r.shreejifoodsite.com/796405/assets/css/mbr-additional43f1.css]
[r.shreejifoodsite.com/796405/assets/web/assets/shreejifood-icons2/shreejifood21e04.svg]
